
> syntheta@0.0.0 build
> ng build

node.exe : - Generating browser application bundles (phase: setup)...
At line:1 char:1
+ & "C:\Program Files\nodejs/node.exe" "C:\Users\W2814\AppData\Roaming\ ...
+ ~~~~~~~~~~~~~~~~~~~~~~~~~~~~~~~~~~~~~~~~~~~~~~~~~~~~~~~~~~~~~~~~~~~~~
    + CategoryInfo          : NotSpecified: (- Generating br...hase: setup)... 
   :String) [], RemoteException
    + FullyQualifiedErrorId : NativeCommandError
 
Γ£ö Browser application bundle generation complete.
Γ£ö Browser application bundle generation complete.
[1m[33m
./src/app/dashboardpanelModule/panelComponents/add-roles/add-roles.component.sc
ss?ngResource - Warning: Module Warning (from 
./node_modules/sass-loader/dist/cjs.js):
Deprecation Warning on line 0, column 8 of file:///D:/syntheta-bi/advaita-bi-we
b/src/app/dashboardpanelModule/panelComponents/add-roles/add-roles.component.sc
ss:0:8:
Sass @import rules are deprecated and will be removed in Dart Sass 3.0.0.

More info and automated migrator: https://sass-lang.com/d/import

0 | @import "../../../core/sass/popup.scss";


src\app\dashboardpanelModule\panelComponents\add-roles\add-roles.component.scss
 1:9  root stylesheet


./src/app/dashboardpanelModule/panelComponents/add-users/add-users.component.sc
ss?ngResource - Warning: Module Warning (from 
./node_modules/sass-loader/dist/cjs.js):
Deprecation Warning on line 1, column 8 of file:///D:/syntheta-bi/advaita-bi-we
b/src/app/dashboardpanelModule/panelComponents/add-users/add-users.component.sc
ss:1:8:
Sass @import rules are deprecated and will be removed in Dart Sass 3.0.0.

More info and automated migrator: https://sass-lang.com/d/import

1 | @import "./../../../core/sass/popup.scss";


src\app\dashboardpanelModule\panelComponents\add-users\add-users.component.scss
 2:9  root stylesheet


./src/app/dashboardpanelModule/panelComponents/connection-database/connection-d
atabase.component.scss?ngResource - Warning: Module Warning (from 
./node_modules/sass-loader/dist/cjs.js):
Deprecation Warning on line 0, column 8 of file:///D:/syntheta-bi/advaita-bi-we
b/src/app/dashboardpanelModule/panelComponents/connection-database/connection-d
atabase.component.scss:0:8:
Sass @import rules are deprecated and will be removed in Dart Sass 3.0.0.

More info and automated migrator: https://sass-lang.com/d/import

0 | @import "../../../core/sass/popup.scss";


src\app\dashboardpanelModule\panelComponents\connection-database\connection-dat
abase.component.scss 1:9  root stylesheet


./src/app/dashboardpanelModule/panelComponents/dashboard-rearrange/dashboard-re
arrange.component.scss?ngResource - Warning: Module Warning (from 
./node_modules/sass-loader/dist/cjs.js):
Deprecation Warning on line 1, column 8 of file:///D:/syntheta-bi/advaita-bi-we
b/src/app/dashboardpanelModule/panelComponents/dashboard-rearrange/dashboard-re
arrange.component.scss:1:8:
Sass @import rules are deprecated and will be removed in Dart Sass 3.0.0.

More info and automated migrator: https://sass-lang.com/d/import

1 | @import '../../../core/sass/popup.scss';


src\app\dashboardpanelModule\panelComponents\dashboard-rearrange\dashboard-rear
range.component.scss 2:9  root stylesheet


./src/app/dashboardpanelModule/panelComponents/dashbord-homepage/dashbord-homep
age.component.scss?ngResource - Warning: Module Warning (from 
./node_modules/sass-loader/dist/cjs.js):
Deprecation Warning on line 1, column 8 of file:///D:/syntheta-bi/advaita-bi-we
b/src/app/dashboardpanelModule/panelComponents/dashbord-homepage/dashbord-homep
age.component.scss:1:8:
Sass @import rules are deprecated and will be removed in Dart Sass 3.0.0.

More info and automated migrator: https://sass-lang.com/d/import

1 | @import "./../../../core/sass/popup.scss";


src\app\dashboardpanelModule\panelComponents\dashbord-homepage\dashbord-homepag
e.component.scss 2:9  root stylesheet


./src/app/dashboardpanelModule/panelComponents/file-upload-page/file-upload-pag
e.component.scss?ngResource - Warning: Module Warning (from 
./node_modules/sass-loader/dist/cjs.js):
Deprecation Warning on line 0, column 8 of file:///D:/syntheta-bi/advaita-bi-we
b/src/app/dashboardpanelModule/panelComponents/file-upload-page/file-upload-pag
e.component.scss:0:8:
Sass @import rules are deprecated and will be removed in Dart Sass 3.0.0.

More info and automated migrator: https://sass-lang.com/d/import

0 | @import "../../../core/sass/popup.scss";


src\app\dashboardpanelModule\panelComponents\file-upload-page\file-upload-page.
component.scss 1:9  root stylesheet


Warning: D:\syntheta-bi\advaita-bi-web\src\app\dashboardpanelModule\panelCompon
ents\add-users\add-users.component.ts depends on 'file-saver'. CommonJS or AMD 
dependencies can cause optimization bailouts.
For more info see: 
https://angular.dev/tools/cli/build#configuring-commonjs-dependencies

[39m[22m
[1m[31m
Error: [96msrc/app/UserSettingsPages/user-settings/user-settings.module.ts[0m
:[93m10[0m:[93m7[0m - [91merror[0m[90m NG6008: [0mComponent 
ProfilePageComponent is standalone, and cannot be declared in an NgModule. Did 
you mean to import it instead?

[7m10[0m       ProfilePageComponent,
[7m  [0m [91m      ~~~~~~~~~~~~~~~~~~~~[0m


Error: [96msrc/app/UserSettingsPages/user-settings/user-settings.module.ts[0m
:[93m11[0m:[93m5[0m - [91merror[0m[90m NG6008: [0mComponent 
SecurityPageComponent is standalone, and cannot be declared in an NgModule. 
Did you mean to import it instead?

[7m11[0m     SecurityPageComponent,],
[7m  [0m [91m    ~~~~~~~~~~~~~~~~~~~~~[0m


Error: [96msrc/app/UserSettingsPages/user-settings/user-settings.module.ts[0m
:[93m17[0m:[93m5[0m - [91merror[0m[90m NG6004: [0mCan't be exported 
from this NgModule, as it must be imported first

[7m17[0m     ProfilePageComponent,
[7m  [0m [91m    ~~~~~~~~~~~~~~~~~~~~[0m


Error: [96msrc/app/UserSettingsPages/user-settings/user-settings.module.ts[0m
:[93m18[0m:[93m5[0m - [91merror[0m[90m NG6004: [0mCan't be exported 
from this NgModule, as it must be imported first

[7m18[0m     SecurityPageComponent,
[7m  [0m [91m    ~~~~~~~~~~~~~~~~~~~~~[0m


Error: [96msrc/app/app.module.ts[0m:[93m93[0m:[93m5[0m - 
[91merror[0m[90m NG6008: [0mComponent AppComponent is standalone, and 
cannot be declared in an NgModule. Did you mean to import it instead?

[7m93[0m     AppComponent,
[7m  [0m [91m    ~~~~~~~~~~~~[0m


Error: [96msrc/app/app.module.ts[0m:[93m94[0m:[93m5[0m - 
[91merror[0m[90m NG6008: [0mComponent SidebarComponent is standalone, and 
cannot be declared in an NgModule. Did you mean to import it instead?

[7m94[0m     SidebarComponent,
[7m  [0m [91m    ~~~~~~~~~~~~~~~~[0m


Error: [96msrc/app/app.module.ts[0m:[93m95[0m:[93m5[0m - 
[91merror[0m[90m NG6008: [0mComponent LoginComponent is standalone, and 
cannot be declared in an NgModule. Did you mean to import it instead?

[7m95[0m     LoginComponent,
[7m  [0m [91m    ~~~~~~~~~~~~~~[0m


Error: [96msrc/app/app.module.ts[0m:[93m96[0m:[93m5[0m - 
[91merror[0m[90m NG6008: [0mPipe FilterPipe is standalone, and cannot be 
declared in an NgModule. Did you mean to import it instead?

[7m96[0m     FilterPipe,
[7m  [0m [91m    ~~~~~~~~~~[0m


Error: [96msrc/app/app.module.ts[0m:[93m97[0m:[93m5[0m - 
[91merror[0m[90m NG6008: [0mComponent SidebarNavbarComponent is 
standalone, and cannot be declared in an NgModule. Did you mean to import it 
instead?

[7m97[0m     SidebarNavbarComponent,
[7m  [0m [91m    ~~~~~~~~~~~~~~~~~~~~~~[0m


Error: [96msrc/app/app.module.ts[0m:[93m98[0m:[93m5[0m - 
[91merror[0m[90m NG6008: [0mComponent UserSettingsSidebarComponent is 
standalone, and cannot be declared in an NgModule. Did you mean to import it 
instead?

[7m98[0m     UserSettingsSidebarComponent,
[7m  [0m [91m    ~~~~~~~~~~~~~~~~~~~~~~~~~~~~[0m


Error: [96msrc/app/app.module.ts[0m:[93m103[0m:[93m5[0m - 
[91merror[0m[90m NG6002: [0mThis import contains errors, which may affect 
components that depend on this NgModule.

[7m103[0m     DashboardPanelModule,
[7m   [0m [91m    ~~~~~~~~~~~~~~~~~~~~[0m


Error: [96msrc/app/app.module.ts[0m:[93m108[0m:[93m5[0m - 
[91merror[0m[90m NG6002: [0mThis import contains errors, which may affect 
components that depend on this NgModule.

[7m108[0m     UserSettingsModule,
[7m   [0m [91m    ~~~~~~~~~~~~~~~~~~[0m


Error: [96msrc/app/dashboardpanelModule/dashboard-panel.module.ts[0m:[93m64
[0m:[93m5[0m - [91merror[0m[90m NG6008: [0mComponent 
DashbordPageViewwComponent is standalone, and cannot be declared in an 
NgModule. Did you mean to import it instead?

[7m64[0m     DashbordPageViewwComponent,
[7m  [0m [91m    ~~~~~~~~~~~~~~~~~~~~~~~~~~[0m


Error: [96msrc/app/dashboardpanelModule/dashboard-panel.module.ts[0m:[93m65
[0m:[93m5[0m - [91merror[0m[90m NG6008: [0mComponent 
PivotPropertiesComponent is standalone, and cannot be declared in an NgModule. 
Did you mean to import it instead?

[7m65[0m     PivotPropertiesComponent,
[7m  [0m [91m    ~~~~~~~~~~~~~~~~~~~~~~~~[0m


Error: [96msrc/app/dashboardpanelModule/dashboard-panel.module.ts[0m:[93m66
[0m:[93m5[0m - [91merror[0m[90m NG6008: [0mComponent 
DropdownPropertiesComponent is standalone, and cannot be declared in an 
NgModule. Did you mean to import it instead?

[7m66[0m     DropdownPropertiesComponent,
[7m  [0m [91m    ~~~~~~~~~~~~~~~~~~~~~~~~~~~[0m


Error: [96msrc/app/dashboardpanelModule/dashboard-panel.module.ts[0m:[93m67
[0m:[93m5[0m - [91merror[0m[90m NG6008: [0mComponent 
ListboxPropertiesComponent is standalone, and cannot be declared in an 
NgModule. Did you mean to import it instead?

[7m67[0m     ListboxPropertiesComponent,
[7m  [0m [91m    ~~~~~~~~~~~~~~~~~~~~~~~~~~[0m


Error: [96msrc/app/dashboardpanelModule/dashboard-panel.module.ts[0m:[93m68
[0m:[93m5[0m - [91merror[0m[90m NG6008: [0mComponent DatepickerComponent 
is standalone, and cannot be declared in an NgModule. Did you mean to import 
it instead?

[7m68[0m     DatepickerComponent,
[7m  [0m [91m    ~~~~~~~~~~~~~~~~~~~[0m


Error: [96msrc/app/dashboardpanelModule/dashboard-panel.module.ts[0m:[93m69
[0m:[93m5[0m - [91merror[0m[90m NG6008: [0mComponent 
DaterangepickerComponent is standalone, and cannot be declared in an NgModule. 
Did you mean to import it instead?

[7m69[0m     DaterangepickerComponent,
[7m  [0m [91m    ~~~~~~~~~~~~~~~~~~~~~~~~[0m


Error: [96msrc/app/dashboardpanelModule/dashboard-panel.module.ts[0m:[93m70
[0m:[93m5[0m - [91merror[0m[90m NG6008: [0mComponent 
CreateDashboardComponent is standalone, and cannot be declared in an NgModule. 
Did you mean to import it instead?

[7m70[0m     CreateDashboardComponent,
[7m  [0m [91m    ~~~~~~~~~~~~~~~~~~~~~~~~[0m


Error: [96msrc/app/dashboardpanelModule/dashboard-panel.module.ts[0m:[93m71
[0m:[93m5[0m - [91merror[0m[90m NG6008: [0mComponent 
EditDashboardComponent is standalone, and cannot be declared in an NgModule. 
Did you mean to import it instead?

[7m71[0m     EditDashboardComponent,
[7m  [0m [91m    ~~~~~~~~~~~~~~~~~~~~~~[0m


Error: [96msrc/app/dashboardpanelModule/dashboard-panel.module.ts[0m:[93m72
[0m:[93m5[0m - [91merror[0m[90m NG6008: [0mComponent 
RoleMappingComponent is standalone, and cannot be declared in an NgModule. Did 
you mean to import it instead?

[7m72[0m     RoleMappingComponent,
[7m  [0m [91m    ~~~~~~~~~~~~~~~~~~~~[0m


Error: [96msrc/app/dashboardpanelModule/dashboard-panel.module.ts[0m:[93m73
[0m:[93m5[0m - [91merror[0m[90m NG6008: [0mComponent AddRolesComponent 
is standalone, and cannot be declared in an NgModule. Did you mean to import 
it instead?

[7m73[0m     AddRolesComponent,
[7m  [0m [91m    ~~~~~~~~~~~~~~~~~[0m


Error: [96msrc/app/dashboardpanelModule/dashboard-panel.module.ts[0m:[93m74
[0m:[93m5[0m - [91merror[0m[90m NG6008: [0mComponent AddUsersComponent 
is standalone, and cannot be declared in an NgModule. Did you mean to import 
it instead?

[7m74[0m     AddUsersComponent,
[7m  [0m [91m    ~~~~~~~~~~~~~~~~~[0m


Error: [96msrc/app/dashboardpanelModule/dashboard-panel.module.ts[0m:[93m75
[0m:[93m5[0m - [91merror[0m[90m NG6008: [0mComponent 
ConnectionDatabaseComponent is standalone, and cannot be declared in an 
NgModule. Did you mean to import it instead?

[7m75[0m     ConnectionDatabaseComponent,
[7m  [0m [91m    ~~~~~~~~~~~~~~~~~~~~~~~~~~~[0m


Error: [96msrc/app/dashboardpanelModule/dashboard-panel.module.ts[0m:[93m76
[0m:[93m5[0m - [91merror[0m[90m NG6008: [0mComponent 
UserBasedPermissionComponent is standalone, and cannot be declared in an 
NgModule. Did you mean to import it instead?

[7m76[0m     UserBasedPermissionComponent,
[7m  [0m [91m    ~~~~~~~~~~~~~~~~~~~~~~~~~~~~[0m


Error: [96msrc/app/dashboardpanelModule/dashboard-panel.module.ts[0m:[93m77
[0m:[93m5[0m - [91merror[0m[90m NG6008: [0mComponent 
RoleBasedPermissionComponent is standalone, and cannot be declared in an 
NgModule. Did you mean to import it instead?

[7m77[0m     RoleBasedPermissionComponent,
[7m  [0m [91m    ~~~~~~~~~~~~~~~~~~~~~~~~~~~~[0m


Error: [96msrc/app/dashboardpanelModule/dashboard-panel.module.ts[0m:[93m78
[0m:[93m5[0m - [91merror[0m[90m NG6008: [0mComponent 
UserDashboardAccessComponent is standalone, and cannot be declared in an 
NgModule. Did you mean to import it instead?

[7m78[0m     UserDashboardAccessComponent,
[7m  [0m [91m    ~~~~~~~~~~~~~~~~~~~~~~~~~~~~[0m


Error: [96msrc/app/dashboardpanelModule/dashboard-panel.module.ts[0m:[93m79
[0m:[93m5[0m - [91merror[0m[90m NG6008: [0mComponent 
RoleDashboardAccessComponent is standalone, and cannot be declared in an 
NgModule. Did you mean to import it instead?

[7m79[0m     RoleDashboardAccessComponent,
[7m  [0m [91m    ~~~~~~~~~~~~~~~~~~~~~~~~~~~~[0m


Error: [96msrc/app/dashboardpanelModule/dashboard-panel.module.ts[0m:[93m80
[0m:[93m5[0m - [91merror[0m[90m NG6008: [0mComponent 
FileUploadPageComponent is standalone, and cannot be declared in an NgModule. 
Did you mean to import it instead?

[7m80[0m     FileUploadPageComponent,
[7m  [0m [91m    ~~~~~~~~~~~~~~~~~~~~~~~[0m


Error: [96msrc/app/dashboardpanelModule/dashboard-panel.module.ts[0m:[93m81
[0m:[93m5[0m - [91merror[0m[90m NG6008: [0mComponent 
PropertyChartComponent is standalone, and cannot be declared in an NgModule. 
Did you mean to import it instead?

[7m81[0m     PropertyChartComponent,
[7m  [0m [91m    ~~~~~~~~~~~~~~~~~~~~~~[0m


Error: [96msrc/app/dashboardpanelModule/dashboard-panel.module.ts[0m:[93m82
[0m:[93m5[0m - [91merror[0m[90m NG6008: [0mComponent 
PropertyBoxComponent is standalone, and cannot be declared in an NgModule. Did 
you mean to import it instead?

[7m82[0m     PropertyBoxComponent,
[7m  [0m [91m    ~~~~~~~~~~~~~~~~~~~~[0m


Error: [96msrc/app/dashboardpanelModule/dashboard-panel.module.ts[0m:[93m83
[0m:[93m5[0m - [91merror[0m[90m NG6008: [0mComponent 
PropertyTableComponent is standalone, and cannot be declared in an NgModule. 
Did you mean to import it instead?

[7m83[0m     PropertyTableComponent,
[7m  [0m [91m    ~~~~~~~~~~~~~~~~~~~~~~[0m


Error: [96msrc/app/dashboardpanelModule/dashboard-panel.module.ts[0m:[93m84
[0m:[93m5[0m - [91merror[0m[90m NG6008: [0mComponent JoinTableComponent 
is standalone, and cannot be declared in an NgModule. Did you mean to import 
it instead?

[7m84[0m     JoinTableComponent,
[7m  [0m [91m    ~~~~~~~~~~~~~~~~~~[0m


Error: [96msrc/app/dashboardpanelModule/dashboard-panel.module.ts[0m:[93m85
[0m:[93m5[0m - [91merror[0m[90m NG6008: [0mComponent 
DashbordHomepageComponent is standalone, and cannot be declared in an 
NgModule. Did you mean to import it instead?

[7m85[0m     DashbordHomepageComponent,
[7m  [0m [91m    ~~~~~~~~~~~~~~~~~~~~~~~~~[0m


Error: [96msrc/app/dashboardpanelModule/dashboard-panel.module.ts[0m:[93m86
[0m:[93m5[0m - [91merror[0m[90m NG6008: [0mPipe FilterPipe is 
standalone, and cannot be declared in an NgModule. Did you mean to import it 
instead?

[7m86[0m     FilterPipe,
[7m  [0m [91m    ~~~~~~~~~~[0m


Error: [96msrc/app/dashboardpanelModule/dashboard-panel.module.ts[0m:[93m87
[0m:[93m5[0m - [91merror[0m[90m NG6008: [0mComponent UpdateUserComponent 
is standalone, and cannot be declared in an NgModule. Did you mean to import 
it instead?

[7m87[0m     UpdateUserComponent,
[7m  [0m [91m    ~~~~~~~~~~~~~~~~~~~[0m


Error: [96msrc/app/dashboardpanelModule/dashboard-panel.module.ts[0m:[93m88
[0m:[93m5[0m - [91merror[0m[90m NG6008: [0mComponent 
PagingTableComponent is standalone, and cannot be declared in an NgModule. Did 
you mean to import it instead?

[7m88[0m     PagingTableComponent,
[7m  [0m [91m    ~~~~~~~~~~~~~~~~~~~~[0m


Error: [96msrc/app/dashboardpanelModule/dashboard-panel.module.ts[0m:[93m89
[0m:[93m5[0m - [91merror[0m[90m NG6008: [0mComponent 
DashboardRearrangeComponent is standalone, and cannot be declared in an 
NgModule. Did you mean to import it instead?

[7m89[0m     DashboardRearrangeComponent,
[7m  [0m [91m    ~~~~~~~~~~~~~~~~~~~~~~~~~~~[0m


Error: [96msrc/app/dashboardpanelModule/dashboard-panel.module.ts[0m:[93m90
[0m:[93m5[0m - [91merror[0m[90m NG6008: [0mComponent 
PropertyMultiselectdropdownComponent is standalone, and cannot be declared in 
an NgModule. Did you mean to import it instead?

[7m90[0m     PropertyMultiselectdropdownComponent,
[7m  [0m [91m    ~~~~~~~~~~~~~~~~~~~~~~~~~~~~~~~~~~~~[0m


Error: [96msrc/app/dashboardpanelModule/dashboard-panel.module.ts[0m:[93m91
[0m:[93m5[0m - [91merror[0m[90m NG6008: [0mComponent 
DashboardCardsComponent is standalone, and cannot be declared in an NgModule. 
Did you mean to import it instead?

[7m91[0m     DashboardCardsComponent,
[7m  [0m [91m    ~~~~~~~~~~~~~~~~~~~~~~~[0m


Error: [96msrc/app/dashboardpanelModule/dashboard-panel.module.ts[0m:[93m92
[0m:[93m5[0m - [91merror[0m[90m NG6008: [0mComponent PopupComponent is 
standalone, and cannot be declared in an NgModule. Did you mean to import it 
instead?

[7m92[0m     PopupComponent,
[7m  [0m [91m    ~~~~~~~~~~~~~~[0m


Error: [96msrc/app/dashboardpanelModule/dashboard-panel.module.ts[0m:[93m93
[0m:[93m5[0m - [91merror[0m[90m NG6008: [0mComponent 
InitialFiltersComponent is standalone, and cannot be declared in an NgModule. 
Did you mean to import it instead?

[7m93[0m     InitialFiltersComponent,
[7m  [0m [91m    ~~~~~~~~~~~~~~~~~~~~~~~[0m


Error: [96msrc/app/dashboardpanelModule/dashboard-panel.module.ts[0m:[93m94
[0m:[93m5[0m - [91merror[0m[90m NG6008: [0mComponent 
ResponsiveSidebarComponent is standalone, and cannot be declared in an 
NgModule. Did you mean to import it instead?

[7m94[0m     ResponsiveSidebarComponent,
[7m  [0m [91m    ~~~~~~~~~~~~~~~~~~~~~~~~~~[0m


Error: [96msrc/app/dashboardpanelModule/dashboard-panel.module.ts[0m:[93m95
[0m:[93m5[0m - [91merror[0m[90m NG6008: [0mComponent LoaderComponent is 
standalone, and cannot be declared in an NgModule. Did you mean to import it 
instead?

[7m95[0m     LoaderComponent,
[7m  [0m [91m    ~~~~~~~~~~~~~~~[0m


Error: [96msrc/app/dashboardpanelModule/dashboard-panel.module.ts[0m:[93m96
[0m:[93m5[0m - [91merror[0m[90m NG6008: [0mComponent 
RawdatadumpComponent is standalone, and cannot be declared in an NgModule. Did 
you mean to import it instead?

[7m96[0m     RawdatadumpComponent,
[7m  [0m [91m    ~~~~~~~~~~~~~~~~~~~~[0m


Error: [96msrc/app/dashboardpanelModule/dashboard-panel.module.ts[0m:[93m97
[0m:[93m5[0m - [91merror[0m[90m NG6008: [0mComponent 
InputBoxPropertiesComponent is standalone, and cannot be declared in an 
NgModule. Did you mean to import it instead?

[7m97[0m     InputBoxPropertiesComponent,
[7m  [0m [91m    ~~~~~~~~~~~~~~~~~~~~~~~~~~~[0m


Error: [96msrc/app/dashboardpanelModule/dashboard-panel.module.ts[0m:[93m98
[0m:[93m5[0m - [91merror[0m[90m NG6008: [0mComponent 
CardTemplateComponent is standalone, and cannot be declared in an NgModule. 
Did you mean to import it instead?

[7m98[0m     CardTemplateComponent,
[7m  [0m [91m    ~~~~~~~~~~~~~~~~~~~~~[0m


Error: [96msrc/app/dashboardpanelModule/dashboard-panel.module.ts[0m:[93m99
[0m:[93m5[0m - [91merror[0m[90m NG6008: [0mComponent 
UnauthorizedComponent is standalone, and cannot be declared in an NgModule. 
Did you mean to import it instead?

[7m99[0m     UnauthorizedComponent,
[7m  [0m [91m    ~~~~~~~~~~~~~~~~~~~~~[0m


Error: [96msrc/app/dashboardpanelModule/dashboard-panel.module.ts[0m:[93m100
[0m:[93m5[0m - [91merror[0m[90m NG6008: [0mComponent 
DashboardPageComponent is standalone, and cannot be declared in an NgModule. 
Did you mean to import it instead?

[7m100[0m     DashboardPageComponent,
[7m   [0m [91m    ~~~~~~~~~~~~~~~~~~~~~~[0m


Error: [96msrc/app/dashboardpanelModule/dashboard-panel.module.ts[0m:[93m101
[0m:[93m5[0m - [91merror[0m[90m NG6008: [0mComponent 
RoleBasedMultiselectDashboardPermissionComponent is standalone, and cannot be 
declared in an NgModule. Did you mean to import it instead?

[7m101[0m     RoleBasedMultiselectDashboardPermissionComponent,
[7m   [0m [91m    ~~~~~~~~~~~~~~~~~~~~~~~~~~~~~~~~~~~~~~~~~~~~~~~~[0m


Error: [96msrc/app/dashboardpanelModule/dashboard-panel.module.ts[0m:[93m102
[0m:[93m5[0m - [91merror[0m[90m NG6008: [0mComponent 
MultipleDashboardRolePermissionComponent is standalone, and cannot be declared 
in an NgModule. Did you mean to import it instead?

[7m102[0m     MultipleDashboardRolePermissionComponent,
[7m   [0m [91m    ~~~~~~~~~~~~~~~~~~~~~~~~~~~~~~~~~~~~~~~~[0m


Error: [96msrc/app/dashboardpanelModule/dashboard-panel.module.ts[0m:[93m103
[0m:[93m5[0m - [91merror[0m[90m NG6008: [0mComponent 
MultipleDashboardUserPermissionComponent is standalone, and cannot be declared 
in an NgModule. Did you mean to import it instead?

[7m103[0m     MultipleDashboardUserPermissionComponent,
[7m   [0m [91m    ~~~~~~~~~~~~~~~~~~~~~~~~~~~~~~~~~~~~~~~~[0m


Error: [96msrc/app/dashboardpanelModule/dashboard-panel.module.ts[0m:[93m104
[0m:[93m5[0m - [91merror[0m[90m NG6008: [0mComponent 
GroupingDashboardComponent is standalone, and cannot be declared in an 
NgModule. Did you mean to import it instead?

[7m104[0m     GroupingDashboardComponent,
[7m   [0m [91m    ~~~~~~~~~~~~~~~~~~~~~~~~~~[0m


Error: [96msrc/app/dashboardpanelModule/dashboard-panel.module.ts[0m:[93m105
[0m:[93m5[0m - [91merror[0m[90m NG6008: [0mComponent 
ViewGroupedDashboardComponent is standalone, and cannot be declared in an 
NgModule. Did you mean to import it instead?

[7m105[0m     ViewGroupedDashboardComponent,
[7m   [0m [91m    ~~~~~~~~~~~~~~~~~~~~~~~~~~~~~[0m


Error: [96msrc/app/dashboardpanelModule/dashboard-panel.module.ts[0m:[93m106
[0m:[93m5[0m - [91merror[0m[90m NG6008: [0mComponent 
PropertySceduleComponent is standalone, and cannot be declared in an NgModule. 
Did you mean to import it instead?

[7m106[0m     PropertySceduleComponent,
[7m   [0m [91m    ~~~~~~~~~~~~~~~~~~~~~~~~[0m


Error: [96msrc/app/dashboardpanelModule/dashboard-panel.module.ts[0m:[93m107
[0m:[93m5[0m - [91merror[0m[90m NG6008: [0mComponent 
ExpandableFiltersComponent is standalone, and cannot be declared in an 
NgModule. Did you mean to import it instead?

[7m107[0m     ExpandableFiltersComponent,
[7m   [0m [91m    ~~~~~~~~~~~~~~~~~~~~~~~~~~[0m


Error: [96msrc/app/dashboardpanelModule/dashboard-panel.module.ts[0m:[93m108
[0m:[93m5[0m - [91merror[0m[90m NG6008: [0mComponent 
ExpandableFiltersDisplayComponent is standalone, and cannot be declared in an 
NgModule. Did you mean to import it instead?

[7m108[0m     ExpandableFiltersDisplayComponent,
[7m   [0m [91m    ~~~~~~~~~~~~~~~~~~~~~~~~~~~~~~~~~[0m


Error: [96msrc/app/dashboardpanelModule/dashboard-panel.module.ts[0m:[93m109
[0m:[93m5[0m - [91merror[0m[90m NG6008: [0mComponent KanbanComponent is 
standalone, and cannot be declared in an NgModule. Did you mean to import it 
instead?

[7m109[0m     KanbanComponent,
[7m   [0m [91m    ~~~~~~~~~~~~~~~[0m


[39m[22m
